// Jest Snapshot v1, https://goo.gl/fbAQLP

exports[`Build Image Data Snapshot 1`] = `
{
  "Parameters": {
    "BootstrapVersion": {
      "Default": "/cdk-bootstrap/hnb659fds/version",
      "Description": "Version of the CDK Bootstrap resources in this environment, automatically retrieved from SSM Parameter Store. [cdk:skip]",
      "Type": "AWS::SSM::Parameter::Value<String>",
    },
  },
  "Resources": {
    "BuildImageBucketDeploymentAwsCliLayer7138A987": {
      "Properties": {
        "Content": {
          "S3Bucket": "cdk-hnb659fds-assets-111111111111-eu-central-1",
          "S3Key": "arbitrary-file.ext",
        },
        "Description": "/opt/awscli/aws",
      },
      "Type": "AWS::Lambda::LayerVersion",
    },
    "BuildImageBucketDeploymentCustomResourceA6B3BEBF": {
      "DeletionPolicy": "Delete",
      "Properties": {
        "DestinationBucketName": {
          "Ref": "BuildImageDataBucketE6A8BC04",
        },
        "Extract": true,
        "Prune": true,
        "ServiceToken": {
          "Fn::GetAtt": [
            "CustomCDKBucketDeployment8693BB64968944B69AAFB0CC9EB8756C81C01536",
            "Arn",
          ],
        },
        "SourceBucketNames": [
          "cdk-hnb659fds-assets-111111111111-eu-central-1",
        ],
        "SourceObjectKeys": [
          "arbitrary-file.ext",
        ],
      },
      "Type": "Custom::CDKBucketDeployment",
      "UpdateReplacePolicy": "Delete",
    },
    "BuildImageBucketRoleC5D0D05C": {
      "Properties": {
        "AssumeRolePolicyDocument": {
          "Statement": [
            {
              "Action": "sts:AssumeRole",
              "Effect": "Allow",
              "Principal": {
                "Service": "lambda.amazonaws.com",
              },
            },
          ],
          "Version": "2012-10-17",
        },
        "Policies": [
          {
            "PolicyDocument": {
              "Statement": [
                {
                  "Action": [
                    "logs:CreateLogGroup",
                    "logs:CreateLogStream",
                    "logs:PutLogEvents",
                  ],
                  "Effect": "Allow",
                  "Resource": "arn:aws:logs:eu-central-1:111111111111:log-group:/aws/lambda/BuildImageData-CustomCDKBucketDeployment*"",
                },
              ],
              "Version": "2012-10-17",
            },
            "PolicyName": "cwPolicy",
          },
        ],
      },
      "Type": "AWS::IAM::Role",
    },
    "BuildImageBucketRoleDefaultPolicy39AC1070": {
      "Properties": {
        "PolicyDocument": {
          "Statement": [
            {
              "Action": "kms:Decrypt",
              "Effect": "Allow",
              "Resource": {
                "Fn::GetAtt": [
                  "PipelineArtifactKeyEC0C0075",
                  "Arn",
                ],
              },
            },
            {
              "Action": [
                "s3:GetObject*",
                "s3:GetBucket*",
                "s3:List*",
              ],
              "Effect": "Allow",
              "Resource": [
                {
                  "Fn::Join": [
                    "",
                    [
                      "arn:",
                      {
                        "Ref": "AWS::Partition",
                      },
                      ":s3:::cdk-hnb659fds-assets-111111111111-eu-central-1",
                    ],
                  ],
                },
                {
                  "Fn::Join": [
                    "",
                    [
                      "arn:",
                      {
                        "Ref": "AWS::Partition",
                      },
                      ":s3:::cdk-hnb659fds-assets-111111111111-eu-central-1/*",
                    ],
                  ],
                },
              ],
            },
            {
              "Action": [
                "s3:GetObject*",
                "s3:GetBucket*",
                "s3:List*",
                "s3:DeleteObject*",
                "s3:PutObject",
                "s3:PutObjectLegalHold",
                "s3:PutObjectRetention",
                "s3:PutObjectTagging",
                "s3:PutObjectVersionTagging",
                "s3:Abort*",
              ],
              "Effect": "Allow",
              "Resource": [
                {
                  "Fn::GetAtt": [
                    "BuildImageDataBucketE6A8BC04",
                    "Arn",
                  ],
                },
                {
                  "Fn::Join": [
                    "",
                    [
                      {
                        "Fn::GetAtt": [
                          "BuildImageDataBucketE6A8BC04",
                          "Arn",
                        ],
                      },
                      "/*",
                    ],
                  ],
                },
              ],
            },
            {
              "Action": [
                "kms:Decrypt",
                "kms:DescribeKey",
                "kms:Encrypt",
                "kms:ReEncrypt*",
                "kms:GenerateDataKey*",
              ],
              "Effect": "Allow",
              "Resource": {
                "Fn::GetAtt": [
                  "PipelineArtifactKeyEC0C0075",
                  "Arn",
                ],
              },
            },
          ],
          "Version": "2012-10-17",
        },
        "PolicyName": "BuildImageBucketRoleDefaultPolicy39AC1070",
        "Roles": [
          {
            "Ref": "BuildImageBucketRoleC5D0D05C",
          },
        ],
      },
      "Type": "AWS::IAM::Policy",
    },
    "BuildImageDataBucketAutoDeleteObjectsCustomResource89CDEC31": {
      "DeletionPolicy": "Delete",
      "DependsOn": [
        "BuildImageDataBucketPolicyBF163C5F",
      ],
      "Properties": {
        "BucketName": {
          "Ref": "BuildImageDataBucketE6A8BC04",
        },
        "ServiceToken": {
          "Fn::GetAtt": [
            "CustomS3AutoDeleteObjectsCustomResourceProviderHandler9D90184F",
            "Arn",
          ],
        },
      },
      "Type": "Custom::S3AutoDeleteObjects",
      "UpdateReplacePolicy": "Delete",
    },
    "BuildImageDataBucketE6A8BC04": {
      "DeletionPolicy": "Delete",
      "Properties": {
        "BucketEncryption": {
          "ServerSideEncryptionConfiguration": [
            {
              "ServerSideEncryptionByDefault": {
                "KMSMasterKeyID": {
                  "Fn::GetAtt": [
                    "PipelineArtifactKeyEC0C0075",
                    "Arn",
                  ],
                },
                "SSEAlgorithm": "aws:kms",
              },
            },
          ],
        },
        "BucketName": "test-bucket",
        "LoggingConfiguration": {
          "DestinationBucketName": {
            "Ref": "LoggingBucket1E5A6F3B",
          },
        },
        "Tags": [
          {
            "Key": "aws-cdk:auto-delete-objects",
            "Value": "true",
          },
          {
            "Key": "aws-cdk:cr-owned:19b429dc",
            "Value": "true",
          },
        ],
        "VersioningConfiguration": {
          "Status": "Enabled",
        },
      },
      "Type": "AWS::S3::Bucket",
      "UpdateReplacePolicy": "Delete",
    },
    "BuildImageDataBucketPolicyBF163C5F": {
      "Properties": {
        "Bucket": {
          "Ref": "BuildImageDataBucketE6A8BC04",
        },
        "PolicyDocument": {
          "Statement": [
            {
              "Action": "s3:*",
              "Condition": {
                "Bool": {
                  "aws:SecureTransport": "false",
                },
              },
              "Effect": "Deny",
              "Principal": {
                "AWS": "*",
              },
              "Resource": [
                {
                  "Fn::GetAtt": [
                    "BuildImageDataBucketE6A8BC04",
                    "Arn",
                  ],
                },
                {
                  "Fn::Join": [
                    "",
                    [
                      {
                        "Fn::GetAtt": [
                          "BuildImageDataBucketE6A8BC04",
                          "Arn",
                        ],
                      },
                      "/*",
                    ],
                  ],
                },
              ],
            },
            {
              "Action": [
                "s3:GetBucket*",
                "s3:List*",
                "s3:DeleteObject*",
              ],
              "Effect": "Allow",
              "Principal": {
                "AWS": {
                  "Fn::GetAtt": [
                    "CustomS3AutoDeleteObjectsCustomResourceProviderRole3B1BD092",
                    "Arn",
                  ],
                },
              },
              "Resource": [
                {
                  "Fn::GetAtt": [
                    "BuildImageDataBucketE6A8BC04",
                    "Arn",
                  ],
                },
                {
                  "Fn::Join": [
                    "",
                    [
                      {
                        "Fn::GetAtt": [
                          "BuildImageDataBucketE6A8BC04",
                          "Arn",
                        ],
                      },
                      "/*",
                    ],
                  ],
                },
              ],
            },
          ],
          "Version": "2012-10-17",
        },
      },
      "Type": "AWS::S3::BucketPolicy",
    },
    "CustomCDKBucketDeployment8693BB64968944B69AAFB0CC9EB8756C81C01536": {
      "DependsOn": [
        "BuildImageBucketRoleDefaultPolicy39AC1070",
        "BuildImageBucketRoleC5D0D05C",
      ],
      "Properties": {
        "Code": {
          "S3Bucket": "cdk-hnb659fds-assets-111111111111-eu-central-1",
          "S3Key": "arbitrary-file.ext",
        },
        "Environment": {
          "Variables": {
            "AWS_CA_BUNDLE": "/etc/pki/ca-trust/extracted/pem/tls-ca-bundle.pem",
          },
        },
        "Handler": "index.handler",
        "Layers": [
          {
            "Ref": "BuildImageBucketDeploymentAwsCliLayer7138A987",
          },
        ],
        "Role": {
          "Fn::GetAtt": [
            "BuildImageBucketRoleC5D0D05C",
            "Arn",
          ],
        },
        "Runtime": "python3.9",
        "Timeout": 900,
      },
      "Type": "AWS::Lambda::Function",
    },
    "CustomS3AutoDeleteObjectsCustomResourceProviderHandler9D90184F": {
      "DependsOn": [
        "CustomS3AutoDeleteObjectsCustomResourceProviderRole3B1BD092",
      ],
      "Properties": {
        "Code": {
          "S3Bucket": "cdk-hnb659fds-assets-111111111111-eu-central-1",
          "S3Key": "arbitrary-file.ext",
        },
        "Description": {
          "Fn::Join": [
            "",
            [
              "Lambda function for auto-deleting objects in ",
              {
                "Ref": "BuildImageDataBucketE6A8BC04",
              },
              " S3 bucket.",
            ],
          ],
        },
        "Handler": "index.handler",
        "MemorySize": 128,
        "Role": {
          "Fn::GetAtt": [
            "CustomS3AutoDeleteObjectsCustomResourceProviderRole3B1BD092",
            "Arn",
          ],
        },
        "Runtime": "nodejs16.x",
        "Timeout": 900,
      },
      "Type": "AWS::Lambda::Function",
    },
    "CustomS3AutoDeleteObjectsCustomResourceProviderRole3B1BD092": {
      "Properties": {
        "AssumeRolePolicyDocument": {
          "Statement": [
            {
              "Action": "sts:AssumeRole",
              "Effect": "Allow",
              "Principal": {
                "Service": "lambda.amazonaws.com",
              },
            },
          ],
          "Version": "2012-10-17",
        },
        "ManagedPolicyArns": [
          {
            "Fn::Sub": "arn:\${AWS::Partition}:iam::aws:policy/service-role/AWSLambdaBasicExecutionRole",
          },
        ],
      },
      "Type": "AWS::IAM::Role",
    },
    "LoggingBucket1E5A6F3B": {
      "DeletionPolicy": "Retain",
      "Properties": {
        "AccessControl": "LogDeliveryWrite",
        "OwnershipControls": {
          "Rules": [
            {
              "ObjectOwnership": "ObjectWriter",
            },
          ],
        },
        "VersioningConfiguration": {
          "Status": "Enabled",
        },
      },
      "Type": "AWS::S3::Bucket",
      "UpdateReplacePolicy": "Retain",
    },
    "LoggingBucketPolicy21938756": {
      "Properties": {
        "Bucket": {
          "Ref": "LoggingBucket1E5A6F3B",
        },
        "PolicyDocument": {
          "Statement": [
            {
              "Action": "s3:*",
              "Condition": {
                "Bool": {
                  "aws:SecureTransport": "false",
                },
              },
              "Effect": "Deny",
              "Principal": {
                "AWS": "*",
              },
              "Resource": [
                {
                  "Fn::GetAtt": [
                    "LoggingBucket1E5A6F3B",
                    "Arn",
                  ],
                },
                {
                  "Fn::Join": [
                    "",
                    [
                      {
                        "Fn::GetAtt": [
                          "LoggingBucket1E5A6F3B",
                          "Arn",
                        ],
                      },
                      "/*",
                    ],
                  ],
                },
              ],
            },
          ],
          "Version": "2012-10-17",
        },
      },
      "Type": "AWS::S3::BucketPolicy",
    },
    "PipelineArtifactKeyEC0C0075": {
      "DeletionPolicy": "Delete",
      "Properties": {
        "EnableKeyRotation": true,
        "KeyPolicy": {
          "Statement": [
            {
              "Action": "kms:*",
              "Effect": "Allow",
              "Principal": {
                "AWS": {
                  "Fn::Join": [
                    "",
                    [
                      "arn:",
                      {
                        "Ref": "AWS::Partition",
                      },
                      ":iam::111111111111:root",
                    ],
                  ],
                },
              },
              "Resource": "*",
            },
          ],
          "Version": "2012-10-17",
        },
      },
      "Type": "AWS::KMS::Key",
      "UpdateReplacePolicy": "Delete",
    },
  },
  "Rules": {
    "CheckBootstrapVersion": {
      "Assertions": [
        {
          "Assert": {
            "Fn::Not": [
              {
                "Fn::Contains": [
                  [
                    "1",
                    "2",
                    "3",
                    "4",
                    "5",
                  ],
                  {
                    "Ref": "BootstrapVersion",
                  },
                ],
              },
            ],
          },
          "AssertDescription": "CDK bootstrap stack version 6 required. Please run 'cdk bootstrap' with a recent version of the CDK CLI.",
        },
      ],
    },
  },
}
`;
