// Jest Snapshot v1, https://goo.gl/fbAQLP

exports[`Demo Source Repository Snapshot 1`] = `
{
  "Parameters": {
    "BootstrapVersion": {
      "Default": "/cdk-bootstrap/hnb659fds/version",
      "Description": "Version of the CDK Bootstrap resources in this environment, automatically retrieved from SSM Parameter Store. [cdk:skip]",
      "Type": "AWS::SSM::Parameter::Value<String>",
    },
  },
  "Resources": {
    "MyTestStackSourceRepository1F6C3AB0": {
      "Properties": {
        "Code": {
          "BranchName": "main",
          "S3": {
            "Bucket": "cdk-hnb659fds-assets-12341234-eu-central-1",
            "Key": "1de2dc6cbcd5d77c4571a033541f7c54c370a8404216a48e1a05fb19708f8572.zip",
          },
        },
        "RepositoryName": "charlie",
      },
      "Type": "AWS::CodeCommit::Repository",
    },
  },
  "Rules": {
    "CheckBootstrapVersion": {
      "Assertions": [
        {
          "Assert": {
            "Fn::Not": [
              {
                "Fn::Contains": [
                  [
                    "1",
                    "2",
                    "3",
                    "4",
                    "5",
                  ],
                  {
                    "Ref": "BootstrapVersion",
                  },
                ],
              },
            ],
          },
          "AssertDescription": "CDK bootstrap stack version 6 required. Please run 'cdk bootstrap' with a recent version of the CDK CLI.",
        },
      ],
    },
  },
}
`;
