// Jest Snapshot v1, https://goo.gl/fbAQLP

exports[`Build Image Pipeline Snapshot 1`] = `
{
  "Parameters": {
    "BootstrapVersion": {
      "Default": "/cdk-bootstrap/hnb659fds/version",
      "Description": "Version of the CDK Bootstrap resources in this environment, automatically retrieved from SSM Parameter Store. [cdk:skip]",
      "Type": "AWS::SSM::Parameter::Value<String>",
    },
  },
  "Resources": {
    "ArtifactAccessLoggingAutoDeleteObjectsCustomResourceD9DFD1B2": {
      "DeletionPolicy": "Delete",
      "DependsOn": [
        "ArtifactAccessLoggingPolicyDC97CE59",
      ],
      "Properties": {
        "BucketName": {
          "Ref": "ArtifactAccessLoggingD6FCABA3",
        },
        "ServiceToken": {
          "Fn::GetAtt": [
            "CustomS3AutoDeleteObjectsCustomResourceProviderHandler9D90184F",
            "Arn",
          ],
        },
      },
      "Type": "Custom::S3AutoDeleteObjects",
      "UpdateReplacePolicy": "Delete",
    },
    "ArtifactAccessLoggingD6FCABA3": {
      "DeletionPolicy": "Delete",
      "Properties": {
        "AccessControl": "LogDeliveryWrite",
        "OwnershipControls": {
          "Rules": [
            {
              "ObjectOwnership": "ObjectWriter",
            },
          ],
        },
        "Tags": [
          {
            "Key": "aws-cdk:auto-delete-objects",
            "Value": "true",
          },
        ],
        "VersioningConfiguration": {
          "Status": "Enabled",
        },
      },
      "Type": "AWS::S3::Bucket",
      "UpdateReplacePolicy": "Delete",
    },
    "ArtifactAccessLoggingPolicyDC97CE59": {
      "Properties": {
        "Bucket": {
          "Ref": "ArtifactAccessLoggingD6FCABA3",
        },
        "PolicyDocument": {
          "Statement": [
            {
              "Action": "s3:*",
              "Condition": {
                "Bool": {
                  "aws:SecureTransport": "false",
                },
              },
              "Effect": "Deny",
              "Principal": {
                "AWS": "*",
              },
              "Resource": [
                {
                  "Fn::GetAtt": [
                    "ArtifactAccessLoggingD6FCABA3",
                    "Arn",
                  ],
                },
                {
                  "Fn::Join": [
                    "",
                    [
                      {
                        "Fn::GetAtt": [
                          "ArtifactAccessLoggingD6FCABA3",
                          "Arn",
                        ],
                      },
                      "/*",
                    ],
                  ],
                },
              ],
            },
            {
              "Action": [
                "s3:PutBucketPolicy",
                "s3:GetBucket*",
                "s3:List*",
                "s3:DeleteObject*",
              ],
              "Effect": "Allow",
              "Principal": {
                "AWS": {
                  "Fn::GetAtt": [
                    "CustomS3AutoDeleteObjectsCustomResourceProviderRole3B1BD092",
                    "Arn",
                  ],
                },
              },
              "Resource": [
                {
                  "Fn::GetAtt": [
                    "ArtifactAccessLoggingD6FCABA3",
                    "Arn",
                  ],
                },
                {
                  "Fn::Join": [
                    "",
                    [
                      {
                        "Fn::GetAtt": [
                          "ArtifactAccessLoggingD6FCABA3",
                          "Arn",
                        ],
                      },
                      "/*",
                    ],
                  ],
                },
              ],
            },
          ],
          "Version": "2012-10-17",
        },
      },
      "Type": "AWS::S3::BucketPolicy",
    },
    "BuildImageBuildLogs65D4471D": {
      "DeletionPolicy": "Delete",
      "Properties": {
        "RetentionInDays": 365,
      },
      "Type": "AWS::Logs::LogGroup",
      "UpdateReplacePolicy": "Delete",
    },
    "BuildImagePipeline01DF392E": {
      "DependsOn": [
        "BuildImagePipelineRoleDefaultPolicy211D9F92",
        "BuildImagePipelineRole576404EF",
      ],
      "Properties": {
        "ArtifactStore": {
          "EncryptionKey": {
            "Id": {
              "Fn::GetAtt": [
                "PipelineArtifactKeyEC0C0075",
                "Arn",
              ],
            },
            "Type": "KMS",
          },
          "Location": {
            "Ref": "PipelineArtifacts4A9B2621",
          },
          "Type": "S3",
        },
        "Name": "ubuntu_22_04BuildImagePipeline",
        "PipelineType": "V1",
        "RestartExecutionOnUpdate": true,
        "RoleArn": {
          "Fn::GetAtt": [
            "BuildImagePipelineRole576404EF",
            "Arn",
          ],
        },
        "Stages": [
          {
            "Actions": [
              {
                "ActionTypeId": {
                  "Category": "Source",
                  "Owner": "AWS",
                  "Provider": "S3",
                  "Version": "1",
                },
                "Configuration": {
                  "S3Bucket": {
                    "Fn::ImportValue": "RepoStack:ExportsOutputRefBucket83908E7781C90AC0",
                  },
                  "S3ObjectKey": "source-base-image.zip",
                },
                "Name": "Build-Image-Source",
                "OutputArtifacts": [
                  {
                    "Name": "BuildImageSource",
                  },
                ],
                "RoleArn": {
                  "Fn::GetAtt": [
                    "BuildImagePipelineSourceBuildImageSourceCodePipelineActionRole30249AA3",
                    "Arn",
                  ],
                },
                "RunOrder": 1,
              },
            ],
            "Name": "Source",
          },
          {
            "Actions": [
              {
                "ActionTypeId": {
                  "Category": "Build",
                  "Owner": "AWS",
                  "Provider": "CodeBuild",
                  "Version": "1",
                },
                "Configuration": {
                  "ProjectName": {
                    "Ref": "BuildImageProjectD5B891B2",
                  },
                },
                "InputArtifacts": [
                  {
                    "Name": "BuildImageSource",
                  },
                ],
                "Name": "Build",
                "RoleArn": {
                  "Fn::GetAtt": [
                    "BuildImagePipelineBuildCodePipelineActionRole15E18A3A",
                    "Arn",
                  ],
                },
                "RunOrder": 1,
              },
            ],
            "Name": "Build",
          },
        ],
      },
      "Type": "AWS::CodePipeline::Pipeline",
    },
    "BuildImagePipelineBuildCodePipelineActionRole15E18A3A": {
      "Properties": {
        "AssumeRolePolicyDocument": {
          "Statement": [
            {
              "Action": "sts:AssumeRole",
              "Effect": "Allow",
              "Principal": {
                "AWS": {
                  "Fn::Join": [
                    "",
                    [
                      "arn:",
                      {
                        "Ref": "AWS::Partition",
                      },
                      ":iam::111111111111:root",
                    ],
                  ],
                },
              },
            },
          ],
          "Version": "2012-10-17",
        },
      },
      "Type": "AWS::IAM::Role",
    },
    "BuildImagePipelineBuildCodePipelineActionRoleDefaultPolicyF886D181": {
      "Properties": {
        "PolicyDocument": {
          "Statement": [
            {
              "Action": [
                "codebuild:BatchGetBuilds",
                "codebuild:StartBuild",
                "codebuild:StopBuild",
              ],
              "Effect": "Allow",
              "Resource": {
                "Fn::GetAtt": [
                  "BuildImageProjectD5B891B2",
                  "Arn",
                ],
              },
            },
          ],
          "Version": "2012-10-17",
        },
        "PolicyName": "BuildImagePipelineBuildCodePipelineActionRoleDefaultPolicyF886D181",
        "Roles": [
          {
            "Ref": "BuildImagePipelineBuildCodePipelineActionRole15E18A3A",
          },
        ],
      },
      "Type": "AWS::IAM::Policy",
    },
    "BuildImagePipelineEventsRole6FF38A6B": {
      "Properties": {
        "AssumeRolePolicyDocument": {
          "Statement": [
            {
              "Action": "sts:AssumeRole",
              "Effect": "Allow",
              "Principal": {
                "Service": "events.amazonaws.com",
              },
            },
          ],
          "Version": "2012-10-17",
        },
      },
      "Type": "AWS::IAM::Role",
    },
    "BuildImagePipelineEventsRoleDefaultPolicy7384E26F": {
      "Properties": {
        "PolicyDocument": {
          "Statement": [
            {
              "Action": "codepipeline:StartPipelineExecution",
              "Effect": "Allow",
              "Resource": {
                "Fn::Join": [
                  "",
                  [
                    "arn:",
                    {
                      "Ref": "AWS::Partition",
                    },
                    ":codepipeline:eu-central-1:111111111111:",
                    {
                      "Ref": "BuildImagePipeline01DF392E",
                    },
                  ],
                ],
              },
            },
          ],
          "Version": "2012-10-17",
        },
        "PolicyName": "BuildImagePipelineEventsRoleDefaultPolicy7384E26F",
        "Roles": [
          {
            "Ref": "BuildImagePipelineEventsRole6FF38A6B",
          },
        ],
      },
      "Type": "AWS::IAM::Policy",
    },
    "BuildImagePipelineRole576404EF": {
      "Properties": {
        "AssumeRolePolicyDocument": {
          "Statement": [
            {
              "Action": "sts:AssumeRole",
              "Effect": "Allow",
              "Principal": {
                "Service": "codepipeline.amazonaws.com",
              },
            },
          ],
          "Version": "2012-10-17",
        },
      },
      "Type": "AWS::IAM::Role",
    },
    "BuildImagePipelineRoleDefaultPolicy211D9F92": {
      "Properties": {
        "PolicyDocument": {
          "Statement": [
            {
              "Action": [
                "s3:GetObject*",
                "s3:GetBucket*",
                "s3:List*",
                "s3:DeleteObject*",
                "s3:PutObject",
                "s3:PutObjectLegalHold",
                "s3:PutObjectRetention",
                "s3:PutObjectTagging",
                "s3:PutObjectVersionTagging",
                "s3:Abort*",
              ],
              "Effect": "Allow",
              "Resource": [
                {
                  "Fn::GetAtt": [
                    "PipelineArtifacts4A9B2621",
                    "Arn",
                  ],
                },
                {
                  "Fn::Join": [
                    "",
                    [
                      {
                        "Fn::GetAtt": [
                          "PipelineArtifacts4A9B2621",
                          "Arn",
                        ],
                      },
                      "/*",
                    ],
                  ],
                },
              ],
            },
            {
              "Action": [
                "kms:Decrypt",
                "kms:DescribeKey",
                "kms:Encrypt",
                "kms:ReEncrypt*",
                "kms:GenerateDataKey*",
              ],
              "Effect": "Allow",
              "Resource": {
                "Fn::GetAtt": [
                  "PipelineArtifactKeyEC0C0075",
                  "Arn",
                ],
              },
            },
            {
              "Action": "sts:AssumeRole",
              "Effect": "Allow",
              "Resource": {
                "Fn::GetAtt": [
                  "BuildImagePipelineSourceBuildImageSourceCodePipelineActionRole30249AA3",
                  "Arn",
                ],
              },
            },
            {
              "Action": "sts:AssumeRole",
              "Effect": "Allow",
              "Resource": {
                "Fn::GetAtt": [
                  "BuildImagePipelineBuildCodePipelineActionRole15E18A3A",
                  "Arn",
                ],
              },
            },
          ],
          "Version": "2012-10-17",
        },
        "PolicyName": "BuildImagePipelineRoleDefaultPolicy211D9F92",
        "Roles": [
          {
            "Ref": "BuildImagePipelineRole576404EF",
          },
        ],
      },
      "Type": "AWS::IAM::Policy",
    },
    "BuildImagePipelineSourceBuildImageSourceCodePipelineActionRole30249AA3": {
      "Properties": {
        "AssumeRolePolicyDocument": {
          "Statement": [
            {
              "Action": "sts:AssumeRole",
              "Effect": "Allow",
              "Principal": {
                "AWS": {
                  "Fn::Join": [
                    "",
                    [
                      "arn:",
                      {
                        "Ref": "AWS::Partition",
                      },
                      ":iam::111111111111:root",
                    ],
                  ],
                },
              },
            },
          ],
          "Version": "2012-10-17",
        },
      },
      "Type": "AWS::IAM::Role",
    },
    "BuildImagePipelineSourceBuildImageSourceCodePipelineActionRoleDefaultPolicy7FF981F0": {
      "Properties": {
        "PolicyDocument": {
          "Statement": [
            {
              "Action": [
                "s3:GetObject*",
                "s3:GetBucket*",
                "s3:List*",
              ],
              "Effect": "Allow",
              "Resource": [
                {
                  "Fn::ImportValue": "RepoStack:ExportsOutputFnGetAttBucket83908E77Arn063C8555",
                },
                {
                  "Fn::Join": [
                    "",
                    [
                      {
                        "Fn::ImportValue": "RepoStack:ExportsOutputFnGetAttBucket83908E77Arn063C8555",
                      },
                      "/source-base-image.zip",
                    ],
                  ],
                },
              ],
            },
            {
              "Action": [
                "s3:DeleteObject*",
                "s3:PutObject",
                "s3:PutObjectLegalHold",
                "s3:PutObjectRetention",
                "s3:PutObjectTagging",
                "s3:PutObjectVersionTagging",
                "s3:Abort*",
              ],
              "Effect": "Allow",
              "Resource": [
                {
                  "Fn::GetAtt": [
                    "PipelineArtifacts4A9B2621",
                    "Arn",
                  ],
                },
                {
                  "Fn::Join": [
                    "",
                    [
                      {
                        "Fn::GetAtt": [
                          "PipelineArtifacts4A9B2621",
                          "Arn",
                        ],
                      },
                      "/*",
                    ],
                  ],
                },
              ],
            },
            {
              "Action": [
                "kms:Encrypt",
                "kms:ReEncrypt*",
                "kms:GenerateDataKey*",
                "kms:Decrypt",
              ],
              "Effect": "Allow",
              "Resource": {
                "Fn::GetAtt": [
                  "PipelineArtifactKeyEC0C0075",
                  "Arn",
                ],
              },
            },
          ],
          "Version": "2012-10-17",
        },
        "PolicyName": "BuildImagePipelineSourceBuildImageSourceCodePipelineActionRoleDefaultPolicy7FF981F0",
        "Roles": [
          {
            "Ref": "BuildImagePipelineSourceBuildImageSourceCodePipelineActionRole30249AA3",
          },
        ],
      },
      "Type": "AWS::IAM::Policy",
    },
    "BuildImageProjectD5B891B2": {
      "Properties": {
        "Artifacts": {
          "Type": "CODEPIPELINE",
        },
        "Cache": {
          "Type": "NO_CACHE",
        },
        "EncryptionKey": {
          "Fn::GetAtt": [
            "PipelineArtifactKeyEC0C0075",
            "Arn",
          ],
        },
        "Environment": {
          "ComputeType": "BUILD_GENERAL1_LARGE",
          "EnvironmentVariables": [
            {
              "Name": "ECR_REPOSITORY_URI",
              "Type": "PLAINTEXT",
              "Value": {
                "Fn::Join": [
                  "",
                  [
                    {
                      "Fn::Select": [
                        4,
                        {
                          "Fn::Split": [
                            ":",
                            {
                              "Fn::ImportValue": "RepoStack:ExportsOutputFnGetAttRepository22E53BBDArn3AD4E30B",
                            },
                          ],
                        },
                      ],
                    },
                    ".dkr.ecr.",
                    {
                      "Fn::Select": [
                        3,
                        {
                          "Fn::Split": [
                            ":",
                            {
                              "Fn::ImportValue": "RepoStack:ExportsOutputFnGetAttRepository22E53BBDArn3AD4E30B",
                            },
                          ],
                        },
                      ],
                    },
                    ".",
                    {
                      "Ref": "AWS::URLSuffix",
                    },
                    "/",
                    {
                      "Fn::ImportValue": "RepoStack:ExportsOutputRefRepository22E53BBD9A9E013B",
                    },
                  ],
                ],
              },
            },
            {
              "Name": "AWS_ACCOUNT_ID",
              "Type": "PLAINTEXT",
              "Value": "111111111111",
            },
            {
              "Name": "AWS_DEFAULT_REGION",
              "Type": "PLAINTEXT",
              "Value": "eu-central-1",
            },
            {
              "Name": "IMAGE_TAG",
              "Type": "PLAINTEXT",
              "Value": "ubuntu_22_04",
            },
          ],
          "Image": "aws/codebuild/standard:7.0",
          "ImagePullCredentialsType": "CODEBUILD",
          "PrivilegedMode": true,
          "Type": "LINUX_CONTAINER",
        },
        "LogsConfig": {
          "CloudWatchLogs": {
            "GroupName": {
              "Ref": "BuildImageBuildLogs65D4471D",
            },
            "Status": "ENABLED",
          },
        },
        "ServiceRole": {
          "Fn::GetAtt": [
            "BuildImageProjectRole3D242EB1",
            "Arn",
          ],
        },
        "Source": {
          "BuildSpec": "buildspec.yml",
          "Type": "CODEPIPELINE",
        },
      },
      "Type": "AWS::CodeBuild::Project",
    },
    "BuildImageProjectRole3D242EB1": {
      "Properties": {
        "AssumeRolePolicyDocument": {
          "Statement": [
            {
              "Action": "sts:AssumeRole",
              "Effect": "Allow",
              "Principal": {
                "Service": "codebuild.amazonaws.com",
              },
            },
          ],
          "Version": "2012-10-17",
        },
      },
      "Type": "AWS::IAM::Role",
    },
    "BuildImageProjectRoleDefaultPolicyDE9DF999": {
      "Properties": {
        "PolicyDocument": {
          "Statement": [
            {
              "Action": [
                "logs:CreateLogStream",
                "logs:PutLogEvents",
              ],
              "Effect": "Allow",
              "Resource": {
                "Fn::GetAtt": [
                  "BuildImageBuildLogs65D4471D",
                  "Arn",
                ],
              },
            },
            {
              "Action": [
                "logs:CreateLogGroup",
                "logs:CreateLogStream",
                "logs:PutLogEvents",
              ],
              "Effect": "Allow",
              "Resource": [
                {
                  "Fn::Join": [
                    "",
                    [
                      "arn:",
                      {
                        "Ref": "AWS::Partition",
                      },
                      ":logs:eu-central-1:111111111111:log-group:/aws/codebuild/",
                      {
                        "Ref": "BuildImageProjectD5B891B2",
                      },
                    ],
                  ],
                },
                {
                  "Fn::Join": [
                    "",
                    [
                      "arn:",
                      {
                        "Ref": "AWS::Partition",
                      },
                      ":logs:eu-central-1:111111111111:log-group:/aws/codebuild/",
                      {
                        "Ref": "BuildImageProjectD5B891B2",
                      },
                      ":*",
                    ],
                  ],
                },
              ],
            },
            {
              "Action": [
                "codebuild:CreateReportGroup",
                "codebuild:CreateReport",
                "codebuild:UpdateReport",
                "codebuild:BatchPutTestCases",
                "codebuild:BatchPutCodeCoverages",
              ],
              "Effect": "Allow",
              "Resource": {
                "Fn::Join": [
                  "",
                  [
                    "arn:",
                    {
                      "Ref": "AWS::Partition",
                    },
                    ":codebuild:eu-central-1:111111111111:report-group/",
                    {
                      "Ref": "BuildImageProjectD5B891B2",
                    },
                    "-*",
                  ],
                ],
              },
            },
            {
              "Action": [
                "ecr:BatchCheckLayerAvailability",
                "ecr:GetDownloadUrlForLayer",
                "ecr:BatchGetImage",
                "ecr:CompleteLayerUpload",
                "ecr:UploadLayerPart",
                "ecr:InitiateLayerUpload",
                "ecr:PutImage",
              ],
              "Effect": "Allow",
              "Resource": {
                "Fn::ImportValue": "RepoStack:ExportsOutputFnGetAttRepository22E53BBDArn3AD4E30B",
              },
            },
            {
              "Action": "ecr:GetAuthorizationToken",
              "Effect": "Allow",
              "Resource": "*",
            },
            {
              "Action": [
                "s3:GetObject*",
                "s3:GetBucket*",
                "s3:List*",
              ],
              "Effect": "Allow",
              "Resource": [
                {
                  "Fn::GetAtt": [
                    "PipelineArtifacts4A9B2621",
                    "Arn",
                  ],
                },
                {
                  "Fn::Join": [
                    "",
                    [
                      {
                        "Fn::GetAtt": [
                          "PipelineArtifacts4A9B2621",
                          "Arn",
                        ],
                      },
                      "/*",
                    ],
                  ],
                },
              ],
            },
            {
              "Action": [
                "kms:Decrypt",
                "kms:DescribeKey",
              ],
              "Effect": "Allow",
              "Resource": {
                "Fn::GetAtt": [
                  "PipelineArtifactKeyEC0C0075",
                  "Arn",
                ],
              },
            },
            {
              "Action": [
                "kms:Decrypt",
                "kms:Encrypt",
                "kms:ReEncrypt*",
                "kms:GenerateDataKey*",
              ],
              "Effect": "Allow",
              "Resource": {
                "Fn::GetAtt": [
                  "PipelineArtifactKeyEC0C0075",
                  "Arn",
                ],
              },
            },
          ],
          "Version": "2012-10-17",
        },
        "PolicyName": "BuildImageProjectRoleDefaultPolicyDE9DF999",
        "Roles": [
          {
            "Ref": "BuildImageProjectRole3D242EB1",
          },
        ],
      },
      "Type": "AWS::IAM::Policy",
    },
    "CustomS3AutoDeleteObjectsCustomResourceProviderHandler9D90184F": {
      "DependsOn": [
        "CustomS3AutoDeleteObjectsCustomResourceProviderRole3B1BD092",
      ],
      "Properties": {
        "Code": {
          "S3Bucket": "cdk-hnb659fds-assets-111111111111-eu-central-1",
          "S3Key": "faa95a81ae7d7373f3e1f242268f904eb748d8d0fdd306e8a6fe515a1905a7d6.zip",
        },
        "Description": {
          "Fn::Join": [
            "",
            [
              "Lambda function for auto-deleting objects in ",
              {
                "Ref": "ArtifactAccessLoggingD6FCABA3",
              },
              " S3 bucket.",
            ],
          ],
        },
        "Handler": "index.handler",
        "MemorySize": 128,
        "Role": {
          "Fn::GetAtt": [
            "CustomS3AutoDeleteObjectsCustomResourceProviderRole3B1BD092",
            "Arn",
          ],
        },
        "Runtime": "nodejs20.x",
        "Timeout": 900,
      },
      "Type": "AWS::Lambda::Function",
    },
    "CustomS3AutoDeleteObjectsCustomResourceProviderRole3B1BD092": {
      "Properties": {
        "AssumeRolePolicyDocument": {
          "Statement": [
            {
              "Action": "sts:AssumeRole",
              "Effect": "Allow",
              "Principal": {
                "Service": "lambda.amazonaws.com",
              },
            },
          ],
          "Version": "2012-10-17",
        },
        "ManagedPolicyArns": [
          {
            "Fn::Sub": "arn:\${AWS::Partition}:iam::aws:policy/service-role/AWSLambdaBasicExecutionRole",
          },
        ],
      },
      "Type": "AWS::IAM::Role",
    },
    "PipelineArtifactKeyEC0C0075": {
      "DeletionPolicy": "Delete",
      "Properties": {
        "EnableKeyRotation": true,
        "KeyPolicy": {
          "Statement": [
            {
              "Action": "kms:*",
              "Effect": "Allow",
              "Principal": {
                "AWS": {
                  "Fn::Join": [
                    "",
                    [
                      "arn:",
                      {
                        "Ref": "AWS::Partition",
                      },
                      ":iam::111111111111:root",
                    ],
                  ],
                },
              },
              "Resource": "*",
            },
          ],
          "Version": "2012-10-17",
        },
      },
      "Type": "AWS::KMS::Key",
      "UpdateReplacePolicy": "Delete",
    },
    "PipelineArtifacts4A9B2621": {
      "DeletionPolicy": "Delete",
      "Properties": {
        "BucketEncryption": {
          "ServerSideEncryptionConfiguration": [
            {
              "ServerSideEncryptionByDefault": {
                "KMSMasterKeyID": {
                  "Fn::GetAtt": [
                    "PipelineArtifactKeyEC0C0075",
                    "Arn",
                  ],
                },
                "SSEAlgorithm": "aws:kms",
              },
            },
          ],
        },
        "LoggingConfiguration": {
          "DestinationBucketName": {
            "Ref": "ArtifactAccessLoggingD6FCABA3",
          },
        },
        "PublicAccessBlockConfiguration": {
          "BlockPublicAcls": true,
          "BlockPublicPolicy": true,
          "IgnorePublicAcls": true,
          "RestrictPublicBuckets": true,
        },
        "Tags": [
          {
            "Key": "aws-cdk:auto-delete-objects",
            "Value": "true",
          },
        ],
        "VersioningConfiguration": {
          "Status": "Enabled",
        },
      },
      "Type": "AWS::S3::Bucket",
      "UpdateReplacePolicy": "Delete",
    },
    "PipelineArtifactsAutoDeleteObjectsCustomResourceFEF48A36": {
      "DeletionPolicy": "Delete",
      "DependsOn": [
        "PipelineArtifactsPolicy87787A0D",
      ],
      "Properties": {
        "BucketName": {
          "Ref": "PipelineArtifacts4A9B2621",
        },
        "ServiceToken": {
          "Fn::GetAtt": [
            "CustomS3AutoDeleteObjectsCustomResourceProviderHandler9D90184F",
            "Arn",
          ],
        },
      },
      "Type": "Custom::S3AutoDeleteObjects",
      "UpdateReplacePolicy": "Delete",
    },
    "PipelineArtifactsPolicy87787A0D": {
      "Properties": {
        "Bucket": {
          "Ref": "PipelineArtifacts4A9B2621",
        },
        "PolicyDocument": {
          "Statement": [
            {
              "Action": "s3:*",
              "Condition": {
                "Bool": {
                  "aws:SecureTransport": "false",
                },
              },
              "Effect": "Deny",
              "Principal": {
                "AWS": "*",
              },
              "Resource": [
                {
                  "Fn::GetAtt": [
                    "PipelineArtifacts4A9B2621",
                    "Arn",
                  ],
                },
                {
                  "Fn::Join": [
                    "",
                    [
                      {
                        "Fn::GetAtt": [
                          "PipelineArtifacts4A9B2621",
                          "Arn",
                        ],
                      },
                      "/*",
                    ],
                  ],
                },
              ],
            },
            {
              "Action": [
                "s3:PutBucketPolicy",
                "s3:GetBucket*",
                "s3:List*",
                "s3:DeleteObject*",
              ],
              "Effect": "Allow",
              "Principal": {
                "AWS": {
                  "Fn::GetAtt": [
                    "CustomS3AutoDeleteObjectsCustomResourceProviderRole3B1BD092",
                    "Arn",
                  ],
                },
              },
              "Resource": [
                {
                  "Fn::GetAtt": [
                    "PipelineArtifacts4A9B2621",
                    "Arn",
                  ],
                },
                {
                  "Fn::Join": [
                    "",
                    [
                      {
                        "Fn::GetAtt": [
                          "PipelineArtifacts4A9B2621",
                          "Arn",
                        ],
                      },
                      "/*",
                    ],
                  ],
                },
              ],
            },
          ],
          "Version": "2012-10-17",
        },
      },
      "Type": "AWS::S3::BucketPolicy",
    },
    "WeeklySchedule60EC10E3": {
      "Properties": {
        "ScheduleExpression": "cron(0 6 ? * Monday *)",
        "State": "ENABLED",
        "Targets": [
          {
            "Arn": {
              "Fn::Join": [
                "",
                [
                  "arn:",
                  {
                    "Ref": "AWS::Partition",
                  },
                  ":codepipeline:eu-central-1:111111111111:",
                  {
                    "Ref": "BuildImagePipeline01DF392E",
                  },
                ],
              ],
            },
            "Id": "Target0",
            "RoleArn": {
              "Fn::GetAtt": [
                "BuildImagePipelineEventsRole6FF38A6B",
                "Arn",
              ],
            },
          },
        ],
      },
      "Type": "AWS::Events::Rule",
    },
  },
  "Rules": {
    "CheckBootstrapVersion": {
      "Assertions": [
        {
          "Assert": {
            "Fn::Not": [
              {
                "Fn::Contains": [
                  [
                    "1",
                    "2",
                    "3",
                    "4",
                    "5",
                  ],
                  {
                    "Ref": "BootstrapVersion",
                  },
                ],
              },
            ],
          },
          "AssertDescription": "CDK bootstrap stack version 6 required. Please run 'cdk bootstrap' with a recent version of the CDK CLI.",
        },
      ],
    },
  },
}
`;
